ID                        HARNESS  BILLING       AVAILABLE  ALIASES
haiku                     claude   subscription  unknown    cheap
sonnet                    claude   subscription  unknown    balanced
opus                      claude   subscription  unknown    best,reasoning
fable                     claude   subscription  unknown    frontier
gpt-6-astra               codex    subscription  unknown    -
gpt-reserve               codex    subscription  disabled   -
gpt-5.6-sol               codex    subscription  unknown    -
gpt-5.6-terra             codex    subscription  unknown    -
gpt-5.6-luna              codex    subscription  unknown    -
gpt-5.5                   codex    subscription  unknown    -
codex-auto-review         codex    subscription  disabled   -
gemini-3.8-flash-high     agy      subscription  unknown    balanced
gemini-3.8-flash-medium   agy      subscription  unknown    -
gemini-3.8-flash-low      agy      subscription  unknown    cheap
gemini-3.7-flash-high     agy      subscription  unknown    -
gemini-3.7-flash-medium   agy      subscription  unknown    -
gemini-3.7-flash-low      agy      subscription  unknown    -
gemini-3.6-flash-high     agy      subscription  unknown    -
gemini-3.6-flash-medium   agy      subscription  unknown    -
gemini-3.6-flash-low      agy      subscription  unknown    -
gemini-3.1-pro-high       agy      subscription  unknown    reasoning
gemini-3.1-pro-low        agy      subscription  unknown    -
claude-opus-5-5-low       agy      subscription  unknown    -
claude-opus-5-5-medium    agy      subscription  unknown    best
claude-opus-5-5-high      agy      subscription  unknown    frontier
claude-sonnet-5-5-low     agy      subscription  unknown    -
claude-sonnet-5-5-medium  agy      subscription  unknown    -
claude-sonnet-5-5-high    agy      subscription  unknown    -
gpt-oss-120b-medium       agy      subscription  unknown    -
