{"events":4,"rows":[{"key":"codex","count":2,"ok":1,"fail":1,"total_duration_s":75,"total_in_tokens":380,"total_out_tokens":920,"tokens":{"input":12000,"output":750,"cache_read":16000,"cache_creation":0,"total":28750}},{"key":"agy","count":2,"ok":2,"fail":0,"total_duration_s":30,"total_in_tokens":55,"total_out_tokens":160,"tokens":{"input":12863,"output":1,"cache_read":0,"cache_creation":0,"total":12864}}]}
