{"events":11,"rows":[{"key":"claude","count":6,"ok":5,"fail":1,"total_duration_s":172,"total_in_tokens":330,"total_out_tokens":915,"tokens":{"input":7210,"output":1500,"cache_read":71000,"cache_creation":2500,"total":82210},"usd":0.8012,"api_equivalent_usd":0.6106},{"key":"codex","count":3,"ok":3,"fail":0,"total_duration_s":200,"total_in_tokens":437,"total_out_tokens":1575,"tokens":{"input":31838,"output":1442,"cache_read":19424,"cache_creation":0,"total":52704}},{"key":"agy","count":2,"ok":2,"fail":0,"total_duration_s":30,"total_in_tokens":55,"total_out_tokens":160,"tokens":{"input":12863,"output":1,"cache_read":0,"cache_creation":0,"total":12864}}]}
