{"events":11,"rows":[{"key":"architect","count":3,"ok":3,"fail":0,"total_duration_s":102,"total_in_tokens":150,"total_out_tokens":700,"tokens":{"input":1200,"output":340,"cache_read":50000,"cache_creation":2000,"total":53540},"api_equivalent_usd":0.4231},{"key":"frontend","count":3,"ok":3,"fail":0,"total_duration_s":200,"total_in_tokens":437,"total_out_tokens":1575,"tokens":{"input":31838,"output":1442,"cache_read":19424,"cache_creation":0,"total":52704}},{"key":"backend","count":3,"ok":2,"fail":1,"total_duration_s":70,"total_in_tokens":180,"total_out_tokens":215,"tokens":{"input":6010,"output":1160,"cache_read":21000,"cache_creation":500,"total":28670},"usd":0.8012,"api_equivalent_usd":0.1875},{"key":"general-agy","count":2,"ok":2,"fail":0,"total_duration_s":30,"total_in_tokens":55,"total_out_tokens":160,"tokens":{"input":12863,"output":1,"cache_read":0,"cache_creation":0,"total":12864}}]}
